2026-08-16T18:56:20.4656370Z Current runner version: '2.336.0'
2026-08-16T18:56:20.4672300Z ##[group]Runner Image Provisioner
2026-08-16T18:56:20.4672810Z Hosted Compute Agent
2026-08-16T18:56:20.4673160Z Version: 20260707.563
2026-08-16T18:56:20.4673550Z Commit: 02667638d2b423fbc733a8e32a88b44996a3ba6e
2026-08-16T18:56:20.4673990Z Build Date: 2026-07-07T19:33:50Z
2026-08-16T18:56:20.4674410Z Worker ID: {50bf5919-fea8-4b65-be5a-07a9ba3aab09}
2026-08-16T18:56:20.4674850Z Azure Region: westus
2026-08-16T18:56:20.4675180Z ##[endgroup]
2026-08-16T18:56:20.4676000Z ##[group]Operating System
2026-08-16T18:56:20.4676360Z macOS
2026-08-16T18:56:20.4676730Z 26.5.2
2026-08-16T18:56:20.4677070Z 25F84
2026-08-16T18:56:20.4677370Z ##[endgroup]
2026-08-16T18:56:20.4677700Z ##[group]Runner Image
2026-08-16T18:56:20.4678060Z Image: macos-26-arm64
2026-08-16T18:56:20.4678410Z Version: 20260728.0273.1
2026-08-16T18:56:20.4679200Z Included Software: https://github.com/actions/runner-images/blob/macos-26-arm64/20260728.0273/images/macos/macos-26-arm64-Readme.md
2026-08-16T18:56:20.4680200Z Image Release: https://github.com/actions/runner-images/releases/tag/macos-26-arm64%2F20260728.0273
2026-08-16T18:56:20.4680820Z ##[endgroup]
2026-08-16T18:56:20.4681550Z ##[group]GITHUB_TOKEN Permissions
2026-08-16T18:56:20.4682530Z Contents: read
2026-08-16T18:56:20.4682860Z Metadata: read
2026-08-16T18:56:20.4683190Z Packages: read
2026-08-16T18:56:20.4683520Z ##[endgroup]
2026-08-16T18:56:20.4684810Z Secret source: Actions
2026-08-16T18:56:20.4685410Z Prepare workflow directory
2026-08-16T18:56:20.4902990Z Prepare all required actions
2026-08-16T18:56:20.4936410Z Getting action download info
2026-08-16T18:56:20.9360810Z Download action repository 'actions/checkout@v4' (SHA:11d5960a326750d5838078e36cf38b85af677262)
2026-08-16T18:56:21.3718870Z Download action repository 'actions/upload-artifact@v4' (SHA:ea165f8d65b6e75b540449e92b4886f43607fa02)
2026-08-16T18:56:21.6003850Z Download action repository 'softprops/action-gh-release@v2' (SHA:3bb12739c298aeb8a4eeaf626c5b8d85266b0e65)
2026-08-16T18:56:22.0512110Z Complete job name: Unsigned IPA for Sideloadly
2026-08-16T18:56:22.0972130Z Node 20 is being deprecated. This workflow is running with Node 24 by default. If you need to temporarily use Node 20, you can set the ACTIONS_ALLOW_USE_UNSECURE_NODE_VERSION=true environment variable. For more information see: https://github.blog/changelog/2025-09-19-deprecation-of-node-20-on-github-actions-runners/
2026-08-16T18:56:22.0979400Z ##[group]Run actions/checkout@v4
2026-08-16T18:56:22.0979900Z with:
2026-08-16T18:56:22.0980230Z   repository: SirAchilless/myhealth
2026-08-16T18:56:22.0983050Z   token: ***
2026-08-16T18:56:22.0983440Z   ssh-strict: true
2026-08-16T18:56:22.0983750Z   ssh-user: git
2026-08-16T18:56:22.0984070Z   persist-credentials: true
2026-08-16T18:56:22.0984420Z   clean: true
2026-08-16T18:56:22.0984740Z   sparse-checkout-cone-mode: true
2026-08-16T18:56:22.0985110Z   fetch-depth: 1
2026-08-16T18:56:22.0985410Z   fetch-tags: false
2026-08-16T18:56:22.0985820Z   show-progress: true
2026-08-16T18:56:22.0986230Z   lfs: false
2026-08-16T18:56:22.0986790Z   submodules: false
2026-08-16T18:56:22.0987140Z   set-safe-directory: true
2026-08-16T18:56:22.0987590Z   allow-unsafe-pr-checkout: false
2026-08-16T18:56:22.0988380Z ##[endgroup]
2026-08-16T18:56:22.7167070Z Syncing repository: SirAchilless/myhealth
2026-08-16T18:56:22.7169460Z ##[group]Getting Git version info
2026-08-16T18:56:22.7170080Z Working directory is '/Users/runner/work/myhealth/myhealth'
2026-08-16T18:56:22.7170920Z [command]/opt/homebrew/bin/git version
2026-08-16T18:56:22.7535330Z git version 2.55.0
2026-08-16T18:56:22.7560520Z ##[endgroup]
2026-08-16T18:56:22.7570150Z Copying '/Users/runner/.gitconfig' to '/Users/runner/work/_temp/c1cb5d48-ff2e-44d4-8734-f42c3de49d83/.gitconfig'
2026-08-16T18:56:22.7580790Z Temporarily overriding HOME='/Users/runner/work/_temp/c1cb5d48-ff2e-44d4-8734-f42c3de49d83' before making global git config changes
2026-08-16T18:56:22.7582350Z Adding repository directory to the temporary git global config as a safe directory
2026-08-16T18:56:22.7588730Z [command]/opt/homebrew/bin/git config --global --add safe.directory /Users/runner/work/myhealth/myhealth
2026-08-16T18:56:22.7809390Z Deleting the contents of '/Users/runner/work/myhealth/myhealth'
2026-08-16T18:56:22.7813620Z ##[group]Initializing the repository
2026-08-16T18:56:22.7816420Z [command]/opt/homebrew/bin/git init /Users/runner/work/myhealth/myhealth
2026-08-16T18:56:22.8123820Z hint: Using 'master' as the name for the initial branch. This default branch name
2026-08-16T18:56:22.8125940Z hint: will change to "main" in Git 3.0. To configure the initial branch name
2026-08-16T18:56:22.8128210Z hint: to use in all of your new repositories, which will suppress this warning,
2026-08-16T18:56:22.8131470Z hint: call:
2026-08-16T18:56:22.8132270Z hint:
2026-08-16T18:56:22.8132940Z hint: 	git config --global init.defaultBranch <name>
2026-08-16T18:56:22.8133690Z hint:
2026-08-16T18:56:22.8134290Z hint: Names commonly chosen instead of 'master' are 'main', 'trunk' and
2026-08-16T18:56:22.8135510Z hint: 'development'. The just-created branch can be renamed via this command:
2026-08-16T18:56:22.8137740Z hint:
2026-08-16T18:56:22.8138780Z hint: 	git branch -m <name>
2026-08-16T18:56:22.8139380Z hint:
2026-08-16T18:56:22.8140300Z hint: Disable this message with "git config set advice.defaultBranchName false"
2026-08-16T18:56:22.8141440Z Initialized empty Git repository in /Users/runner/work/myhealth/myhealth/.git/
2026-08-16T18:56:22.8145270Z [command]/opt/homebrew/bin/git remote add origin https://github.com/SirAchilless/myhealth
2026-08-16T18:56:22.8259610Z ##[endgroup]
2026-08-16T18:56:22.8261230Z ##[group]Disabling automatic garbage collection
2026-08-16T18:56:22.8262120Z [command]/opt/homebrew/bin/git config --local gc.auto 0
2026-08-16T18:56:22.8421950Z ##[endgroup]
2026-08-16T18:56:22.8423030Z ##[group]Setting up auth
2026-08-16T18:56:22.8424630Z [command]/opt/homebrew/bin/git config --local --name-only --get-regexp core\.sshCommand
2026-08-16T18:56:22.8590310Z [command]/opt/homebrew/bin/git submodule foreach --recursive sh -c "git config --local --name-only --get-regexp 'core\.sshCommand' && git config --local --unset-all 'core.sshCommand' || :"
2026-08-16T18:56:23.0218150Z [command]/opt/homebrew/bin/git config --local --name-only --get-regexp http\.https\:\/\/github\.com\/\.extraheader
2026-08-16T18:56:23.0310150Z [command]/opt/homebrew/bin/git submodule foreach --recursive sh -c "git config --local --name-only --get-regexp 'http\.https\:\/\/github\.com\/\.extraheader' && git config --local --unset-all 'http.https://github.com/.extraheader' || :"
2026-08-16T18:56:23.1977540Z [command]/opt/homebrew/bin/git config --local --name-only --get-regexp ^includeIf\.gitdir:
2026-08-16T18:56:23.2286210Z [command]/opt/homebrew/bin/git submodule foreach --recursive git config --local --show-origin --name-only --get-regexp remote.origin.url
2026-08-16T18:56:23.3649480Z [command]/opt/homebrew/bin/git config --local http.https://github.com/.extraheader AUTHORIZATION: basic ***
2026-08-16T18:56:23.3744440Z ##[endgroup]
2026-08-16T18:56:23.3745230Z ##[group]Fetching the repository
2026-08-16T18:56:23.3751770Z [command]/opt/homebrew/bin/git -c protocol.version=2 fetch --no-tags --prune --no-recurse-submodules --depth=1 origin +6dcd036d8c80bbf4fcaa482b964701bf85b461b3:refs/remotes/origin/main
2026-08-16T18:56:23.8909660Z From https://github.com/SirAchilless/myhealth
2026-08-16T18:56:23.8911020Z  * [new ref]         6dcd036d8c80bbf4fcaa482b964701bf85b461b3 -> origin/main
2026-08-16T18:56:23.8919080Z ##[endgroup]
2026-08-16T18:56:23.8920040Z ##[group]Determining the checkout info
2026-08-16T18:56:23.8922330Z ##[endgroup]
2026-08-16T18:56:23.8931960Z [command]/opt/homebrew/bin/git sparse-checkout disable
2026-08-16T18:56:23.9070100Z [command]/opt/homebrew/bin/git config --local --unset-all extensions.worktreeConfig
2026-08-16T18:56:23.9189760Z ##[group]Checking out the ref
2026-08-16T18:56:23.9195940Z [command]/opt/homebrew/bin/git checkout --progress --force -B main refs/remotes/origin/main
2026-08-16T18:56:23.9600270Z Switched to a new branch 'main'
2026-08-16T18:56:23.9704700Z branch 'main' set up to track 'origin/main'.
2026-08-16T18:56:24.0033240Z ##[endgroup]
2026-08-16T18:56:24.0346970Z [command]/opt/homebrew/bin/git log -1 --format=%H
2026-08-16T18:56:24.0423370Z 6dcd036d8c80bbf4fcaa482b964701bf85b461b3
2026-08-16T18:56:24.0937880Z ##[group]Run xcodebuild -version
2026-08-16T18:56:24.0940330Z [36;1mxcodebuild -version[0m
2026-08-16T18:56:24.0942650Z [36;1mxcodebuild -showsdks | grep -i iphoneos || true[0m
2026-08-16T18:56:24.1065480Z shell: /bin/bash -e {0}
2026-08-16T18:56:24.1066360Z ##[endgroup]
2026-08-16T18:56:24.5115350Z Xcode 26.6
2026-08-16T18:56:24.5125370Z Build version 17F113
2026-08-16T18:56:25.7480620Z 	iOS 26.5                      	-sdk iphoneos26.5
2026-08-16T18:56:25.7520430Z ##[group]Run set -euo pipefail
2026-08-16T18:56:25.7520720Z [36;1mset -euo pipefail[0m
2026-08-16T18:56:25.7520930Z [36;1mxcodebuild build \[0m
2026-08-16T18:56:25.7521200Z [36;1m  -project MyHealth.xcodeproj \[0m
2026-08-16T18:56:25.7521440Z [36;1m  -target MyHealthIPhone \[0m
2026-08-16T18:56:25.7521700Z [36;1m  -configuration Release \[0m
2026-08-16T18:56:25.7521920Z [36;1m  -sdk iphoneos \[0m
2026-08-16T18:56:25.7522140Z [36;1m  SYMROOT=build \[0m
2026-08-16T18:56:25.7522340Z [36;1m  OBJROOT=build/Obj \[0m
2026-08-16T18:56:25.7522570Z [36;1m  CODE_SIGNING_ALLOWED=NO \[0m
2026-08-16T18:56:25.7522790Z [36;1m  CODE_SIGNING_REQUIRED=NO \[0m
2026-08-16T18:56:25.7523020Z [36;1m  CODE_SIGN_IDENTITY="" \[0m
2026-08-16T18:56:25.7523230Z [36;1m  AD_HOC_CODE_SIGNING_ALLOWED=YES \[0m
2026-08-16T18:56:25.7523450Z [36;1m  DEVELOPMENT_TEAM=""[0m
2026-08-16T18:56:25.7556350Z shell: /bin/bash -e {0}
2026-08-16T18:56:25.7556570Z ##[endgroup]
2026-08-16T18:56:27.2064120Z Command line invocation:
2026-08-16T18:56:27.2177510Z     /Applications/Xcode_26.6.app/Contents/Developer/usr/bin/xcodebuild build -project MyHealth.xcodeproj -target MyHealthIPhone -configuration Release -sdk iphoneos SYMROOT=build OBJROOT=build/Obj CODE_SIGNING_ALLOWED=NO CODE_SIGNING_REQUIRED=NO CODE_SIGN_IDENTITY= AD_HOC_CODE_SIGNING_ALLOWED=YES DEVELOPMENT_TEAM=
2026-08-16T18:56:27.2299770Z 
2026-08-16T18:56:27.2384990Z Build settings from command line:
2026-08-16T18:56:27.2385950Z     AD_HOC_CODE_SIGNING_ALLOWED = YES
2026-08-16T18:56:27.2487460Z     CODE_SIGN_IDENTITY = 
2026-08-16T18:56:27.2573130Z     CODE_SIGNING_ALLOWED = NO
2026-08-16T18:56:27.2591550Z     CODE_SIGNING_REQUIRED = NO
2026-08-16T18:56:27.2598560Z     DEVELOPMENT_TEAM = 
2026-08-16T18:56:27.2599040Z     OBJROOT = build/Obj
2026-08-16T18:56:27.2629710Z     SDKROOT = iphoneos26.5
2026-08-16T18:56:27.2630140Z     SYMROOT = build
2026-08-16T18:56:27.2630910Z 
2026-08-16T18:56:33.0524330Z note: Using codesigning identity override: 
2026-08-16T18:56:34.1093380Z ComputePackagePrebuildTargetDependencyGraph
2026-08-16T18:56:34.1770170Z 
2026-08-16T18:56:34.1797700Z Prepare packages
2026-08-16T18:56:34.1804420Z 
2026-08-16T18:56:34.1849600Z CreateBuildRequest
2026-08-16T18:56:34.1850780Z 
2026-08-16T18:56:34.1851420Z SendProjectDescription
2026-08-16T18:56:34.1968370Z 
2026-08-16T18:56:34.1969620Z CreateBuildOperation
2026-08-16T18:56:34.2032770Z 
2026-08-16T18:56:34.2056510Z ComputeTargetDependencyGraph
2026-08-16T18:56:34.2201180Z note: Building targets in dependency order
2026-08-16T18:56:34.2205170Z note: Target dependency graph (1 target)
2026-08-16T18:56:34.2206900Z     Target 'MyHealthIPhone' in project 'MyHealth' (no dependencies)
2026-08-16T18:56:34.2215700Z 
2026-08-16T18:56:34.2216000Z GatherProvisioningInputs
2026-08-16T18:56:34.2217970Z 
2026-08-16T18:56:34.2258280Z CreateBuildDescription
2026-08-16T18:56:34.2739300Z 
2026-08-16T18:56:34.2745550Z ExecuteExternalTool /Applications/Xcode_26.6.app/Contents/Developer/usr/bin/actool --print-asset-tag-combinations --output-format xml1 /Users/runner/work/myhealth/myhealth/MyHealthIPhone/Resources/Assets.xcassets
2026-08-16T18:56:38.7868200Z 
2026-08-16T18:56:38.7872440Z ExecuteExternalTool /Applications/Xcode_26.6.app/Contents/Developer/Toolchains/XcodeDefault.xctoolchain/usr/bin/clang -v -E -dM -isysroot /Applications/Xcode_26.6.app/Contents/Developer/Platforms/iPhoneOS.platform/Developer/SDKs/iPhoneOS26.5.sdk -x c -c /dev/null
2026-08-16T18:56:38.7904470Z 
2026-08-16T18:56:38.7904910Z ExecuteExternalTool /Applications/Xcode_26.6.app/Contents/Developer/usr/bin/actool --version --output-format xml1
2026-08-16T18:56:38.8157760Z 
2026-08-16T18:56:38.8198360Z ExecuteExternalTool /Applications/Xcode_26.6.app/Contents/Developer/Toolchains/XcodeDefault.xctoolchain/usr/bin/swiftc --version
2026-08-16T18:56:40.2309300Z 
2026-08-16T18:56:40.2500280Z ExecuteExternalTool /Applications/Xcode_26.6.app/Contents/Developer/Toolchains/XcodeDefault.xctoolchain/usr/bin/ld -version_details
2026-08-16T18:56:40.5673140Z 
2026-08-16T18:56:40.5967530Z Build description signature: 35bb168752594d157d42d79fb957c4a1
2026-08-16T18:56:40.6087730Z Build description path: /Users/runner/work/myhealth/myhealth/build/Obj/XCBuildData/35bb168752594d157d42d79fb957c4a1.xcbuilddata
2026-08-16T18:56:40.6716170Z error: Multiple commands produce '/Users/runner/work/myhealth/myhealth/build/Release-iphoneos/MyHealthIPhone.app/Info.plist'
2026-08-16T18:56:40.6838830Z     note: Target 'MyHealthIPhone' (project 'MyHealth') has copy command from '/Users/runner/work/myhealth/myhealth/MyHealthIPhone/Info.plist' to '/Users/runner/work/myhealth/myhealth/build/Release-iphoneos/MyHealthIPhone.app/Info.plist'
2026-08-16T18:56:40.6953050Z ** BUILD FAILED **
2026-08-16T18:56:40.6954030Z     note: Target 'MyHealthIPhone' (project 'MyHealth') has process command with output '/Users/runner/work/myhealth/myhealth/build/Release-iphoneos/MyHealthIPhone.app/Info.plist'
2026-08-16T18:56:40.7078150Z 
2026-08-16T18:56:40.7082640Z ClangStatCache /Applications/Xcode_26.6.app/Contents/Developer/Toolchains/XcodeDefault.xctoolchain/usr/bin/clang-stat-cache /Applications/Xcode_26.6.app/Contents/Developer/Platforms/iPhoneOS.platform/Developer/SDKs/iPhoneOS26.5.sdk /var/folders/df/djsxfhc17x95674wsm_g8s980000gn/C/com.apple.DeveloperTools/26.6-17F113/Xcode/SDKStatCaches.noindex/iphoneos26.5-23F81a-688ef53f1462e2c8f657fdc38a81448fee66e23052a0157c865c76b268046726.sdkstatcache
2026-08-16T18:56:40.7176630Z     cd /Users/runner/work/myhealth/myhealth/MyHealth.xcodeproj
2026-08-16T18:56:40.7280020Z     /Applications/Xcode_26.6.app/Contents/Developer/Toolchains/XcodeDefault.xctoolchain/usr/bin/clang-stat-cache /Applications/Xcode_26.6.app/Contents/Developer/Platforms/iPhoneOS.platform/Developer/SDKs/iPhoneOS26.5.sdk -o /var/folders/df/djsxfhc17x95674wsm_g8s980000gn/C/com.apple.DeveloperTools/26.6-17F113/Xcode/SDKStatCaches.noindex/iphoneos26.5-23F81a-688ef53f1462e2c8f657fdc38a81448fee66e23052a0157c865c76b268046726.sdkstatcache
2026-08-16T18:56:40.7383620Z 
2026-08-16T18:56:40.7485550Z /Users/runner/work/myhealth/myhealth/MyHealth.xcodeproj: warning: The Copy Bundle Resources build phase contains this target's Info.plist file '/Users/runner/work/myhealth/myhealth/MyHealthIPhone/Info.plist'. (in target 'MyHealthIPhone' from project 'MyHealth')
2026-08-16T18:56:40.7590720Z warning: duplicate output file '/Users/runner/work/myhealth/myhealth/build/Release-iphoneos/MyHealthIPhone.app/Info.plist' on task: ProcessInfoPlistFile /Users/runner/work/myhealth/myhealth/build/Release-iphoneos/MyHealthIPhone.app/Info.plist /Users/runner/work/myhealth/myhealth/MyHealthIPhone/Info.plist (in target 'MyHealthIPhone' from project 'MyHealth')
2026-08-16T18:56:40.7647930Z ##[error]Process completed with exit code 65.
2026-08-16T18:56:40.8084280Z Node 20 is being deprecated. This workflow is running with Node 24 by default. If you need to temporarily use Node 20, you can set the ACTIONS_ALLOW_USE_UNSECURE_NODE_VERSION=true environment variable. For more information see: https://github.blog/changelog/2025-09-19-deprecation-of-node-20-on-github-actions-runners/
2026-08-16T18:56:40.8085910Z Post job cleanup.
2026-08-16T18:56:41.4734150Z [command]/opt/homebrew/bin/git version
2026-08-16T18:56:41.5147120Z git version 2.55.0
2026-08-16T18:56:41.5671620Z Copying '/Users/runner/.gitconfig' to '/Users/runner/work/_temp/e1a213a2-310a-44ed-aa02-ab8cbfff73ae/.gitconfig'
2026-08-16T18:56:41.5775910Z Temporarily overriding HOME='/Users/runner/work/_temp/e1a213a2-310a-44ed-aa02-ab8cbfff73ae' before making global git config changes
2026-08-16T18:56:41.5878520Z Adding repository directory to the temporary git global config as a safe directory
2026-08-16T18:56:41.5989630Z [command]/opt/homebrew/bin/git config --global --add safe.directory /Users/runner/work/myhealth/myhealth
2026-08-16T18:56:41.6342940Z [command]/opt/homebrew/bin/git config --local --name-only --get-regexp core\.sshCommand
2026-08-16T18:56:41.6703110Z [command]/opt/homebrew/bin/git submodule foreach --recursive sh -c "git config --local --name-only --get-regexp 'core\.sshCommand' && git config --local --unset-all 'core.sshCommand' || :"
2026-08-16T18:56:41.8668050Z [command]/opt/homebrew/bin/git config --local --name-only --get-regexp http\.https\:\/\/github\.com\/\.extraheader
2026-08-16T18:56:41.8778110Z http.https://github.com/.extraheader
2026-08-16T18:56:41.9096280Z [command]/opt/homebrew/bin/git config --local --unset-all http.https://github.com/.extraheader
2026-08-16T18:56:41.9410930Z [command]/opt/homebrew/bin/git submodule foreach --recursive sh -c "git config --local --name-only --get-regexp 'http\.https\:\/\/github\.com\/\.extraheader' && git config --local --unset-all 'http.https://github.com/.extraheader' || :"
2026-08-16T18:56:42.1379020Z [command]/opt/homebrew/bin/git config --local --name-only --get-regexp ^includeIf\.gitdir:
2026-08-16T18:56:42.1726850Z [command]/opt/homebrew/bin/git submodule foreach --recursive git config --local --show-origin --name-only --get-regexp remote.origin.url
2026-08-16T18:56:42.4211880Z Cleaning up orphan processes
2026-08-16T18:56:42.5128190Z Terminate orphan process: pid (18551) (ibtoold)
2026-08-16T18:56:43.2441090Z ##[warning]Node.js 20 is deprecated. The following actions target Node.js 20 but are being forced to run on Node.js 24: actions/checkout@v4. For more information see: https://github.blog/changelog/2025-09-19-deprecation-of-node-20-on-github-actions-runners/
